Загрузка 10 000 000 оценок в 4 процесса…
Загружено 12 020 000 записей за 73.8 с (162 928 записей/с)
Построение счётчиков по всем фильмам…
Счётчики построены за 5.5 с
В хранилище {'likes': 9999038, 'bookmarks': 2000000, 'reviews': 20000}, 2 275 МБ
  агрегат по случайному фильму: p50 1.06 мс, p95 12.55 мс, p99 68.41 мс, максимум 151.84 мс 
  агрегат по горячему фильму: p50 755.56 мс, p95 9124.07 мс, p99 9124.07 мс, максимум 9124.07 мс топ-20 каталога
  счётчик по случайному фильму: p50 0.26 мс, p95 0.39 мс, p99 0.69 мс, максимум 1.58 мс 
  счётчик по горячему фильму: p50 0.16 мс, p95 0.2 мс, p99 0.23 мс, максимум 0.24 мс топ-20 каталога
  понравившиеся фильмы зрителя: p50 0.47 мс, p95 0.66 мс, p99 1.3 мс, максимум 4.33 мс 
  закладки зрителя: p50 0.16 мс, p95 0.25 мс, p99 1.26 мс, максимум 31.92 мс 
  рецензии горячего фильма (newest): p50 0.2 мс, p95 0.63 мс, p99 3.73 мс, максимум 3.91 мс 
  рецензии горячего фильма (most_useful): p50 0.2 мс, p95 0.56 мс, p99 0.83 мс, максимум 1.08 мс 
Свежесть: от записи оценки до её появления в агрегате
  оценка видна в агрегате: p50 0.42 мс, p95 0.65 мс, p99 2.27 мс, максимум 2.27 мс 
Чтение под нагрузкой: 2 процесса пишут 120 с
  агрегат по случайному фильму (под нагрузкой): p50 0.37 мс, p95 1.89 мс, p99 2.85 мс, максимум 5.46 мс 
  агрегат по горячему фильму (под нагрузкой): p50 236.12 мс, p95 652.61 мс, p99 652.61 мс, максимум 652.61 мс топ-20 каталога
  счётчик по случайному фильму (под нагрузкой): p50 0.21 мс, p95 0.49 мс, p99 0.68 мс, максимум 0.74 мс 
  счётчик по горячему фильму (под нагрузкой): p50 0.18 мс, p95 0.37 мс, p99 0.51 мс, максимум 0.52 мс топ-20 каталога
  понравившиеся фильмы зрителя (под нагрузкой): p50 0.22 мс, p95 0.6 мс, p99 1.61 мс, максимум 7.15 мс 
  закладки зрителя (под нагрузкой): p50 0.18 мс, p95 0.46 мс, p99 0.53 мс, максимум 0.57 мс 
  рецензии горячего фильма (newest) (под нагрузкой): p50 0.39 мс, p95 1.08 мс, p99 2.51 мс, максимум 3.13 мс 
  рецензии горячего фильма (most_useful) (под нагрузкой): p50 0.35 мс, p95 1.15 мс, p99 3.14 мс, максимум 3.33 мс 
