Загрузка 10 000 000 оценок в 4 процесса…
Загружено 12 020 000 записей за 234.2 с (51 331 записей/с)
Построение счётчиков по всем фильмам…
Счётчики построены за 9.3 с
В хранилище {'likes': 10000000, 'bookmarks': 2000000, 'reviews': 20000}, 1 956 МБ
  агрегат по случайному фильму: p50 2.36 мс, p95 18.84 мс, p99 49.61 мс, максимум 80.78 мс 
  агрегат по горячему фильму: p50 1342.08 мс, p95 3327.0 мс, p99 3327.0 мс, максимум 3327.0 мс топ-20 каталога
  счётчик по случайному фильму: p50 0.55 мс, p95 0.81 мс, p99 1.48 мс, максимум 1.94 мс 
  счётчик по горячему фильму: p50 0.45 мс, p95 0.66 мс, p99 0.91 мс, максимум 0.96 мс топ-20 каталога
  понравившиеся фильмы зрителя: p50 0.7 мс, p95 0.98 мс, p99 1.72 мс, максимум 6.09 мс 
  закладки зрителя: p50 0.62 мс, p95 0.8 мс, p99 1.06 мс, максимум 1.09 мс 
  рецензии горячего фильма (newest): p50 1.28 мс, p95 2.05 мс, p99 4.64 мс, максимум 5.37 мс 
  рецензии горячего фильма (most_useful): p50 1.08 мс, p95 1.78 мс, p99 2.13 мс, максимум 2.72 мс 
Свежесть: от записи оценки до её появления в агрегате
  оценка видна в агрегате: p50 2.61 мс, p95 3.56 мс, p99 6.66 мс, максимум 6.66 мс 
Чтение под нагрузкой: 2 процесса пишут 120 с
  агрегат по случайному фильму (под нагрузкой): p50 2.98 мс, p95 64.65 мс, p99 81.64 мс, максимум 95.02 мс 
  агрегат по горячему фильму (под нагрузкой): p50 1702.51 мс, p95 23400.42 мс, p99 23400.42 мс, максимум 23400.42 мс топ-20 каталога
  счётчик по случайному фильму (под нагрузкой): p50 0.6 мс, p95 0.78 мс, p99 1.15 мс, максимум 1.51 мс 
  счётчик по горячему фильму (под нагрузкой): p50 0.48 мс, p95 0.63 мс, p99 0.83 мс, максимум 1.01 мс топ-20 каталога
  понравившиеся фильмы зрителя (под нагрузкой): p50 0.78 мс, p95 1.07 мс, p99 1.31 мс, максимум 1.75 мс 
  закладки зрителя (под нагрузкой): p50 0.53 мс, p95 0.74 мс, p99 0.97 мс, максимум 1.68 мс 
  рецензии горячего фильма (newest) (под нагрузкой): p50 1.23 мс, p95 2.04 мс, p99 4.34 мс, максимум 13.61 мс 
  рецензии горячего фильма (most_useful) (под нагрузкой): p50 1.12 мс, p95 1.88 мс, p99 3.68 мс, максимум 9.96 мс 
Фоном записано 3 040 000 оценок
Результаты сохранены в results-mongodb.json
